3
3
0
10
10
15
16343047056
128825803174925
128825804162702
7.7
