10.7
3.1415926535897932384
3.1415926535897932384
3
3.1415926535897932384
3.1415926535897932384
3.1415926535897932384
