-29462184
-20607174
-29462184
-541001
-610104
472538
