12
12
12
13
13
14
14
12
12
13
13
14
14
56
56
213124
213124
937382
937382
